---
pid: 8272
cwd: |
  C:\Users\adamr\.cursor\oversight-backend
active_command: |
  python -m uvicorn main:app --reload
last_command: cd oversight-backend
last_exit_code: 0
---
PS C:\Users\adamr\.cursor>
 *  History restored 

PS C:\Users\adamr\.cursor> cd C:\Users\adamr\.cursor\oversight-backend-simple
>> 
cd : Impossible de trouver le chemin d'acc√®s ¬´
C:\Users\adamr\.cursor\oversight-backend-simple¬ª, 
car il n'existe pas.
Au caract√®re Ligne:1 : 1
+ cd
C:\Users\adamr\.cursor\oversight-backend-simple     
+
~~~~~~~~~~~~~~~~~~~~~~~~~~~~~~~~~~~~~~~~~~~~~~~~~~  
    + CategoryInfo          : ObjectNotFound: (C:\  
   Users\adamr\...-backend-simple:String) [Set-Lo   
  cation], ItemNotFoundException
    + FullyQualifiedErrorId : PathNotFound,Microso  
   ft.PowerShell.Commands.SetLocationCommand        

PS C:\Users\adamr\.cursor> python -m uvicorn main:app --reload
INFO:     Will watch for changes in these directories: ['C:\\Users\\adamr\\.cursor']
INFO:     Uvicorn running on http://127.0.0.1:8000 (Press CTRL+C to quit)
INFO:     Started reloader process [1132] using StatReload
ERROR:    Error loading ASGI app. Could not import module "main".
INFO:     Stopping reloader process [1132]
PS C:\Users\adamr\.cursor> python main.py
>>
C:\Python314\python.exe: can't open file 'C:\\Users\\adamr\\.cursor\\main.py': [Errno 2] No such file or directory
PS C:\Users\adamr\.cursor> cd oversight-backend
PS C:\Users\adamr\.cursor\oversight-backend> python -m uvicorn main:app --reload
INFO:     Will watch for changes in these directories: ['C:\\Users\\adamr\\.cursor\\oversight-backend'] 
INFO:     Uvicorn running on http://127.0.0.1:8000 (Press CTRL+C to quit)
INFO:     Started reloader process [16068] using StatReload
INFO:     Started server process [19528]
INFO:     Waiting for application startup.
2026-02-05 13:41:28,013 | INFO     | oversight | ============================================================
2026-02-05 13:41:28,013 | INFO     | oversight | üöÄ OVERSIGHT Backend v2.0 Started
2026-02-05 13:41:28,013 | INFO     | oversight | üìä Tax Rate: 10.00%
2026-02-05 13:41:28,013 | INFO     | oversight | üí∞ Daily Limit: $50.00
2026-02-05 13:41:28,014 | INFO     | oversight | üîí Idempotency: ENABLED
2026-02-05 13:41:28,014 | INFO     | oversight | ============================================================
INFO:     Application startup complete.
2026-02-05 13:50:56,694 | INFO     | oversight | Initialized wallet 0x742d35cc... with balance $500.00  
2026-02-05 13:50:56,699 | INFO     | oversight | üí≥ Payment request: $40.0 to OpenAI | Balance: $500.00 | Daily spent: $0
2026-02-05 13:50:56,699 | INFO     | oversight | üí∞ Tax split: Gross=$40.0, Tax=$4.00 (10%), Vendor=$36.00 (90%)
2026-02-05 13:50:56,709 | INFO     | oversight | ‚úÖ Payment APPROVED: TX=tx_5067fd9a66aa4d43, New balance=$460.00
INFO:     127.0.0.1:63618 - "POST /process-payment HTTP/1.1" 200 OK
2026-02-05 13:50:56,726 | INFO     | oversight | üí≥ Payment request: $30.0 to Stripe | Balance: $460.00 | Daily spent: $40.0
2026-02-05 13:50:56,727 | WARNING  | oversight | ‚ùå Payment DENIED: Daily limit exceeded
INFO:     127.0.0.1:63618 - "POST /process-payment HTTP/1.1" 200 OK
2026-02-05 13:50:56,733 | INFO     | oversight | üíæ Idempotent request detected: test_9c27b2ea-51... (returning cached)
INFO:     127.0.0.1:63618 - "POST /process-payment HTTP/1.1" 200 OK
2026-02-05 13:50:56,744 | INFO     | oversight | üíµ Deposit: $100.0 ‚Üí 0x742d35cc... | New balance: $560.00
INFO:     127.0.0.1:63618 - "POST /deposit HTTP/1.1"
 200 OK
INFO:     127.0.0.1:63618 - "GET /agents HTTP/1.1" 200 OK
2026-02-05 14:17:11,517 | INFO     | oversight | üí≥ Payment request: $40.0 to OpenAI | Balance: $560.00 | Daily spent: $40.0
2026-02-05 14:17:11,526 | WARNING  | oversight | ‚ùå Payment DENIED: Daily limit exceeded
INFO:     127.0.0.1:64692 - "POST /process-payment HTTP/1.1" 200 OK
2026-02-05 14:17:11,533 | INFO     | oversight | üí≥ Payment request: $30.0 to Stripe | Balance: $560.00 | Daily spent: $40.0
2026-02-05 14:17:11,534 | WARNING  | oversight | ‚ùå Payment DENIED: Daily limit exceeded
INFO:     127.0.0.1:64692 - "POST /process-payment HTTP/1.1" 200 OK
2026-02-05 14:17:11,537 | INFO     | oversight | üíæ Idempotent request detected: test_15684651-a6... (returning cached)
INFO:     127.0.0.1:64692 - "POST /process-payment HTTP/1.1" 200 OK
2026-02-05 14:17:11,541 | INFO     | oversight | üíµ Deposit: $100.0 ‚Üí 0x742d35cc... | New balance: $660.00
INFO:     127.0.0.1:64692 - "POST /deposit HTTP/1.1"
 200 OK
INFO:     127.0.0.1:64692 - "GET /agents HTTP/1.1" 200 OK