---
pid: 16468
cwd: |
  C:\Users\adamr\.cursor
---
terminals/3.txt
 create mode 100644 projects/c-Users-adamr-cursor/terminals/4.txt
 create mode 100644 requirements.txt
 create mode 100644 rogue_bot.py
 create mode 100644 sentence_analyzer.py
 create mode 100644 skills-cursor/create-rule/SKILL.md
 create mode 100644 skills-cursor/create-skill/SKILL.md
 create mode 100644 skills-cursor/create-subagent/SKILL.md
 create mode 100644 skills-cursor/migrate-to-skills/SKILL.md
 create mode 100644 skills-cursor/update-cursor-settings/SKILL.md
PS C:\Users\adamr\.cursor> git init
>> git add .
>> git commit -m "Initial Deployment"
Reinitialized existing Git repository in C:/Users/adamr/.cursor/.git/
warning: in the working copy of 'projects/c-Users-adamr-cursor/terminals/4.txt', LF will be replaced by CRLF the next time Git touches it
[master 4a1369a] Initial Deployment
 2 files changed, 90 insertions(+)
PS C:\Users\adamr\.cursor> git add .
>> git commit -m "Add requirements for server"      
warning: in the working copy of 'projects/c-Users-adamr-cursor/terminals/4.txt', LF will be replaced by CRLF the next time Git touches it
[master 4485562] Add requirements for server
 4 files changed, 15 insertions(+), 2 deletions(-)  
 create mode 100644 oversight-backend/requirements.txt
PS C:\Users\adamr\.cursor> git remote add origin https://github.com/saivenses59-hub/oversight-protocol..git
>>
PS C:\Users\adamr\.cursor> git branch -M main
>>
PS C:\Users\adamr\.cursor> git push -u origin main
info: please complete authentication in your browser...
Enumerating objects: 85, done.
Counting objects: 100% (85/85), done.
Delta compression using up to 8 threads
Compressing objects: 100% (71/71), done.
Writing objects: 100% (85/85), 108.93 KiB | 3.63 MiB/s, done.
Total 85 (delta 12), reused 0 (delta 0), pack-reused 0 (from 0)
remote: Resolving deltas: 100% (12/12), done.       
To https://github.com/saivenses59-hub/oversight-protocol..git
 * [new branch]      main -> main
branch 'main' set up to track 'origin/main'.
PS C:\Users\adamr\.cursor> 
 *  History restored 

PS C:\Users\adamr\.cursor> git add .
>> git commit -m "Point frontend to live server"
>> git push
warning: in the working copy of 'oversight-frontend/app/page.tsx', LF will be replaced by CRLF the next time Git touches it
warning: in the working copy of 'projects/c-Users-adamr-cursor/terminals/1.txt', LF will be replaced by CRLF the next time Git touches it
warning: in the working copy of 'projects/c-Users-adamr-cursor/terminals/2.txt', LF will be replaced by CRLF the next time Git touches it
warning: in the working copy of 'projects/c-Users-adamr-cursor/terminals/3.txt', LF will be replaced by CRLF the next time Git touches it
warning: in the working copy of 'projects/c-Users-adamr-cursor/terminals/4.txt', LF will be replaced by CRLF the next time Git touches it
[main 4df82c1] Point frontend to live server
 7 files changed, 52 insertions(+), 131 deletions(-)
Enumerating objects: 29, done.
Counting objects: 100% (29/29), done.
Delta compression using up to 8 threads
Compressing objects: 100% (14/14), done.
Writing objects: 100% (15/15), 2.34 KiB | 800.00 KiB/s, done.
Total 15 (delta 11), reused 0 (delta 0), pack-reused 0 (from 0)
remote: Resolving deltas: 100% (11/11), completed with 11 local objects.
To https://github.com/saivenses59-hub/oversight-protocol..git
   4485562..4df82c1  main -> main
PS C:\Users\adamr\.cursor> ^C
PS C:\Users\adamr\.cursor> 
 *  History restored 

PS C:\Users\adamr\.cursor> 
 *  History restored 

PS C:\Users\adamr\.cursor>