---
pid: 35768
cwd: |
  C:\Users\adamr\.cursor
---
 create mode 100644 oversight-frontend/app/page.tsx 
 create mode 100644 oversight-frontend/eslint.config.mjs
 create mode 100644 oversight-frontend/next.config.ts
 create mode 100644 oversight-frontend/package-lock.json
 create mode 100644 oversight-frontend/package.json 
 create mode 100644 oversight-frontend/postcss.config.mjs
 create mode 100644 oversight-frontend/public/file.svg
 create mode 100644 oversight-frontend/public/globe.svg
 create mode 100644 oversight-frontend/public/next.svg
 create mode 100644 oversight-frontend/public/vercel.svg
 create mode 100644 oversight-frontend/public/window.svg
 create mode 100644 oversight-frontend/tsconfig.json
 create mode 100644 projects/C-Users-adamr-AppData-Local-Temp-a248b183-6c5e-444c-b725-7a5ab59b4775/mcps/cursor-browser-extension/INSTRUCTIONS.md
 create mode 100644 projects/C-Users-adamr-AppData-Local-Temp-a248b183-6c5e-444c-b725-7a5ab59b4775/mcps/cursor-browser-extension/SERVER_METADATA.json       
 create mode 100644 projects/C-Users-adamr-AppData-Local-Temp-a248b183-6c5e-444c-b725-7a5ab59b4775/mcps/cursor-ide-browser/INSTRUCTIONS.md
 create mode 100644 projects/C-Users-adamr-AppData-Local-Temp-a248b183-6c5e-444c-b725-7a5ab59b4775/mcps/cursor-ide-browser/SERVER_METADATA.json
 create mode 100644 projects/c-Users-adamr-cursor/agent-transcripts/25700298-3bbf-4b31-a70d-c048c969b86b.txt
 create mode 100644 projects/c-Users-adamr-cursor/terminals/1.txt
 create mode 100644 projects/c-Users-adamr-cursor/terminals/2.txt
 create mode 100644 projects/c-Users-adamr-cursor/terminals/3.txt
 create mode 100644 projects/c-Users-adamr-cursor/terminals/4.txt
 create mode 100644 requirements.txt
 create mode 100644 rogue_bot.py
 create mode 100644 sentence_analyzer.py
 create mode 100644 skills-cursor/create-rule/SKILL.md
 create mode 100644 skills-cursor/create-skill/SKILL.md
 create mode 100644 skills-cursor/create-subagent/SKILL.md
 create mode 100644 skills-cursor/migrate-to-skills/SKILL.md
 create mode 100644 skills-cursor/update-cursor-settings/SKILL.md
PS C:\Users\adamr\.cursor> git init
>> git add .
>> git commit -m "Initial Deployment"
Reinitialized existing Git repository in C:/Users/adamr/.cursor/.git/
warning: in the working copy of 'projects/c-Users-adamr-cursor/terminals/4.txt', LF will be replaced by CRLF the next time Git touches it
[master 4a1369a] Initial Deployment
 2 files changed, 90 insertions(+)
PS C:\Users\adamr\.cursor> git add .
>> git commit -m "Add requirements for server"      
warning: in the working copy of 'projects/c-Users-adamr-cursor/terminals/4.txt', LF will be replaced by CRLF the next time Git touches it
[master 4485562] Add requirements for server
 4 files changed, 15 insertions(+), 2 deletions(-)  
 create mode 100644 oversight-backend/requirements.txt
PS C:\Users\adamr\.cursor> git remote add origin https://github.com/saivenses59-hub/oversight-protocol..git
>>
PS C:\Users\adamr\.cursor> git branch -M main
>>
PS C:\Users\adamr\.cursor> git push -u origin main
info: please complete authentication in your browser...
Enumerating objects: 85, done.
Counting objects: 100% (85/85), done.
Delta compression using up to 8 threads
Compressing objects: 100% (71/71), done.
Writing objects: 100% (85/85), 108.93 KiB | 3.63 MiB/s, done.
Total 85 (delta 12), reused 0 (delta 0), pack-reused 0 (from 0)
remote: Resolving deltas: 100% (12/12), done.       
To https://github.com/saivenses59-hub/oversight-protocol..git
 * [new branch]      main -> main
branch 'main' set up to track 'origin/main'.
PS C:\Users\adamr\.cursor> 
 *  History restored 

PS C:\Users\adamr\.cursor> git add .
>> git commit -m "Point frontend to live server"
>> git push